// Jest Snapshot v1, https://goo.gl/fbAQLP

exports[`Nav should match the snapshots 1`] = `ShallowWrapper {}`;
